// Jest Snapshot v1, https://goo.gl/fbAQLP

exports[`dist/lib/db EXPORTS: Core to match snapshot 1`] = `
Object {
  "changeInstances": [Function],
  "end": [Function],
  "getRandomElements": [Function],
  "storage": [Function],
  "uniqueArray": [Function],
}
`;

exports[`dist/lib/db getRandomElements() to match snapshot 1`] = `true`;

exports[`dist/lib/db uniqueArray() to match snapshot 1`] = `
Array [
  1,
  2,
  3,
  4,
  5,
]
`;
